// Jest Snapshot v1, https://goo.gl/fbAQLP

exports[`<Content /> should render correctly 1`] = `
.c3 {
  display: -webkit-box;
  display: -webkit-flex;
  display: -ms-flexbox;
  display: flex;
  -webkit-flex-direction: column;
  -ms-flex-direction: column;
  flex-direction: column;
  margin-top: 4rem;
}

.c4 {
  display: -webkit-box;
  display: -webkit-flex;
  display: -ms-flexbox;
  display: flex;
  -webkit-align-items: center;
  -webkit-box-align: center;
  -ms-flex-align: center;
  align-items: center;
  -webkit-box-pack: justify;
  -webkit-justify-content: space-between;
  -ms-flex-pack: justify;
  justify-content: space-between;
}

.c4 section {
  display: -webkit-box;
  display: -webkit-flex;
  display: -ms-flexbox;
  display: flex;
  -webkit-align-items: center;
  -webkit-box-align: center;
  -ms-flex-align: center;
  align-items: center;
}

.c4 button {
  -webkit-transition: opacity 0.2s;
  transition: opacity 0.2s;
  background: transparent;
  border: 0;
}

.c4 button:hover {
  opacity: 0.5;
}

.c4 button + button {
  margin-left: 2rem;
}

.c4 button img {
  width: 1.6rem;
  height: 1.6rem;
}

.c5 {
  max-width: 90.5rem;
  margin-top: 1.6rem;
}

.c5 li {
  padding-left: 1.6rem;
}

.c0 {
  background: #f5f8fa;
  border-radius: 2.4rem 0 0 0;
  padding: 3.2rem 2rem;
}

.c0 header {
  display: -webkit-box;
  display: -webkit-flex;
  display: -ms-flexbox;
  display: flex;
  -webkit-align-items: center;
  -webkit-box-align: center;
  -ms-flex-align: center;
  align-items: center;
}

.c0 header img {
  width: 2.4rem;
  height: 2.8rem;
}

.c0 header h1 {
  margin-left: 1.1rem;
  font-size: 2.4rem;
  font-weight: 600;
}

.c1 {
  margin-top: 3.2rem;
  display: -webkit-box;
  display: -webkit-flex;
  display: -ms-flexbox;
  display: flex;
  -webkit-flex-direction: column;
  -ms-flex-direction: column;
  flex-direction: column;
}

.c2 {
  display: -webkit-box;
  display: -webkit-flex;
  display: -ms-flexbox;
  display: flex;
  -webkit-align-items: center;
  -webkit-box-align: center;
  -ms-flex-align: center;
  align-items: center;
  background: #ffffff;
  margin-right: auto;
}

.c2 input {
  border: 0;
  height: 4rem;
  background: transparent;
  border-radius: 0.8rem 0 0 0.8rem;
  border: 0.1rem solid #e1e0e7;
  border-right-color: transparent;
  padding: 0 1.6rem;
  min-width: 32.4rem;
}

.c2 input::-webkit-input-placeholder {
  color: #acacac;
}

.c2 input::-moz-placeholder {
  color: #acacac;
}

.c2 input:-ms-input-placeholder {
  color: #acacac;
}

.c2 input::placeholder {
  color: #acacac;
}

.c2 button {
  border: 0;
  width: 4rem;
  height: 4rem;
  border-radius: 0.8rem;
  background: #0047BB;
  color: #ffffff;
  margin-left: -0.8rem;
  -webkit-transition: filter 0.2s;
  transition: filter 0.2s;
}

.c2 button:hover {
  -webkit-filter: brightness(0.85);
  filter: brightness(0.85);
}

<div
  class="c0"
>
  <header>
    <img
      alt="Icon Dashboard"
      src="/img/icon-dashboard.svg"
    />
    <h1>
      Dashboard
    </h1>
  </header>
  <main
    class="c1"
  >
    <form
      class="c2"
    >
      <input
        placeholder="Buscar empresa"
      />
      <button
        aria-label="search button"
        type="submit"
      >
        <img
          alt="Icon Search"
          src="/img/icon-search.svg"
        />
      </button>
    </form>
    <section
      class="c3"
    >
      <header
        class="c4"
      >
        <section>
          <img
            alt="Icon Company"
            src="/img/icon-company.svg"
          />
          <h1>
            Empresas recentes
          </h1>
        </section>
        <nav>
          <button>
            <img
              alt="Icon Arrow Left"
              src="/img/icon-arrow-left.svg"
            />
          </button>
          <button>
            <img
              alt="Icon Arrow Right"
              src="/img/icon-arrow-right.svg"
            />
          </button>
        </nav>
      </header>
      <div
        class="react-multi-carousel-list  c5"
      >
        <ul
          class="react-multi-carousel-track "
          style="transition: none; overflow: hidden; transform: translate3d(-16px,0,0);"
        />
      </div>
    </section>
  </main>
</div>
`;
