// Jest Snapshot v1, https://goo.gl/fbAQLP

exports[`<Content /> should render correctly 1`] = `
.c6 {
  position: relative;
}

.c6:hover span {
  opacity: 1;
  visibility: visible;
}

.c6 > span {
  color: #ffffff;
  background: #0047BB;
  border-radius: 0.4rem;
  padding: 0.5rem 1.2rem;
  white-space: nowrap;
  -webkit-transition: all 0.5s;
  transition: all 0.5s;
  opacity: 0;
  visibility: hidden;
  position: absolute;
  left: 50%;
  -webkit-transform: translateX(-50%);
  -ms-transform: translateX(-50%);
  transform: translateX(-50%);
  top: calc(-100% + -1.7rem);
  z-index: 1;
}

.c6 > span::before {
  content: '';
  position: absolute;
  border-style: solid;
  border-width: 0.9rem 0.9rem 0 0.9rem;
  border-color: #0047BB transparent transparent transparent;
  left: 50%;
  -webkit-transform: translateX(-50%);
  -ms-transform: translateX(-50%);
  transform: translateX(-50%);
  bottom: -0.9rem;
}

.c8 {
  display: -webkit-box;
  display: -webkit-flex;
  display: -ms-flexbox;
  display: flex;
  -webkit-flex-direction: column;
  -ms-flex-direction: column;
  flex-direction: column;
  margin-top: 4rem;
}

.c9 {
  display: -webkit-box;
  display: -webkit-flex;
  display: -ms-flexbox;
  display: flex;
  -webkit-align-items: center;
  -webkit-box-align: center;
  -ms-flex-align: center;
  align-items: center;
  -webkit-box-pack: justify;
  -webkit-justify-content: space-between;
  -ms-flex-pack: justify;
  justify-content: space-between;
}

.c9 section {
  display: -webkit-box;
  display: -webkit-flex;
  display: -ms-flexbox;
  display: flex;
  -webkit-align-items: center;
  -webkit-box-align: center;
  -ms-flex-align: center;
  align-items: center;
}

.c9 button {
  -webkit-transition: opacity 0.2s;
  transition: opacity 0.2s;
  background: transparent;
  border: 0;
}

.c9 button:hover {
  opacity: 0.5;
}

.c9 button + button {
  margin-left: 2rem;
}

.c9 button img {
  width: 1.6rem;
  height: 1.6rem;
}

.c10 {
  max-width: 90.5rem;
  margin-top: 1.6rem;
}

.c10 li + li {
  padding-left: 1.6rem;
}

.c11 {
  display: -webkit-box;
  display: -webkit-flex;
  display: -ms-flexbox;
  display: flex;
  -webkit-align-items: center;
  -webkit-box-align: center;
  -ms-flex-align: center;
  align-items: center;
  padding: 1.6rem;
  border-radius: 0.8rem;
  background: #ffffff;
  -webkit-transition: all 0.2s;
  transition: all 0.2s;
  cursor: pointer;
}

.c11:hover {
  -webkit-transform: translateY(-0.5rem);
  -ms-transform: translateY(-0.5rem);
  transform: translateY(-0.5rem);
  box-shadow: 0 0.8rem 2rem -0.2rem rgba(43,37,63,0.1);
}

.c11 button {
  background: transparent;
  border: 0;
}

.c11 button + .logo {
  margin-left: 1.6rem;
}

.c11 section {
  display: -webkit-box;
  display: -webkit-flex;
  display: -ms-flexbox;
  display: flex;
  -webkit-flex-direction: column;
  -ms-flex-direction: column;
  flex-direction: column;
  margin-left: 1.2rem;
}

.c11 section span {
  color: #14171a;
}

.c11 section span:last-child {
  color: #657786;
}

.c11 .pricing {
  margin-left: auto;
  display: -webkit-box;
  display: -webkit-flex;
  display: -ms-flexbox;
  display: flex;
  -webkit-align-items: center;
  -webkit-box-align: center;
  -ms-flex-align: center;
  align-items: center;
}

.c11 .pricing strong {
  font-weight: 500;
  margin-right: 0.8rem;
  color: #d64b45;
  color: #79c300;
}

.c3 {
  margin-top: 2.4rem;
  padding: 3rem 2.3rem;
  border-radius: 0.8rem;
  background: #ffffff;
  box-shadow: 0 0.5rem 1.2rem rgba(222,222,231,0.4);
}

.c4 {
  display: -webkit-box;
  display: -webkit-flex;
  display: -ms-flexbox;
  display: flex;
  -webkit-align-items: center;
  -webkit-box-align: center;
  -ms-flex-align: center;
  align-items: center;
  -webkit-box-pack: justify;
  -webkit-justify-content: space-between;
  -ms-flex-pack: justify;
  justify-content: space-between;
}

.c5 {
  display: -webkit-box;
  display: -webkit-flex;
  display: -ms-flexbox;
  display: flex;
  -webkit-align-items: center;
  -webkit-box-align: center;
  -ms-flex-align: center;
  align-items: center;
}

.c5 button {
  background: transparent;
  border: 0;
}

.c5 section {
  display: -webkit-box;
  display: -webkit-flex;
  display: -ms-flexbox;
  display: flex;
  margin-left: 1.2rem;
  -webkit-flex-direction: column;
  -ms-flex-direction: column;
  flex-direction: column;
  -webkit-align-items: flex-start;
  -webkit-box-align: flex-start;
  -ms-flex-align: flex-start;
  align-items: flex-start;
}

.c5 section strong {
  font-weight: 500;
}

.c5 section span {
  color: #acacac;
  font-size: 1.4rem;
}

.c7 {
  display: -webkit-box;
  display: -webkit-flex;
  display: -ms-flexbox;
  display: flex;
  -webkit-flex-direction: column;
  -ms-flex-direction: column;
  flex-direction: column;
  -webkit-align-items: flex-end;
  -webkit-box-align: flex-end;
  -ms-flex-align: flex-end;
  align-items: flex-end;
}

.c7 img {
  margin-right: 0.8rem;
}

.c7 span {
  margin-top: 0.8rem;
  color: #d64b45;
  font-weight: 500;
}

.c0 {
  background: #f5f8fa;
  border-radius: 2.4rem 0 0 0;
  padding: 3.2rem 2rem;
}

.c0 header {
  display: -webkit-box;
  display: -webkit-flex;
  display: -ms-flexbox;
  display: flex;
  -webkit-align-items: center;
  -webkit-box-align: center;
  -ms-flex-align: center;
  align-items: center;
}

.c0 header img {
  width: 2.4rem;
  height: 2.8rem;
}

.c0 header h1 {
  margin-left: 1.1rem;
  font-size: 2.4rem;
  font-weight: 600;
}

.c1 {
  margin-top: 3.2rem;
  display: -webkit-box;
  display: -webkit-flex;
  display: -ms-flexbox;
  display: flex;
  -webkit-flex-direction: column;
  -ms-flex-direction: column;
  flex-direction: column;
}

.c2 {
  display: -webkit-box;
  display: -webkit-flex;
  display: -ms-flexbox;
  display: flex;
  -webkit-align-items: center;
  -webkit-box-align: center;
  -ms-flex-align: center;
  align-items: center;
  background: #ffffff;
  margin-right: auto;
}

.c2 input {
  border: 0;
  height: 4rem;
  background: transparent;
  border-radius: 0.8rem 0 0 0.8rem;
  border: 0.1rem solid #e1e0e7;
  border-right-color: transparent;
  padding: 0 1.6rem;
}

.c2 input::-webkit-input-placeholder {
  color: #acacac;
}

.c2 input::-moz-placeholder {
  color: #acacac;
}

.c2 input:-ms-input-placeholder {
  color: #acacac;
}

.c2 input::placeholder {
  color: #acacac;
}

.c2 button {
  border: 0;
  width: 4rem;
  height: 4rem;
  border-radius: 0.8rem;
  background: #0047BB;
  color: #ffffff;
  margin-left: -0.8rem;
  -webkit-transition: filter 0.2s;
  transition: filter 0.2s;
}

.c2 button:hover {
  -webkit-filter: brightness(0.85);
  filter: brightness(0.85);
}

<div
  class="c0"
>
  <header>
    <img
      alt="Icon Dashboard"
      src="/img/icon-dashboard.svg"
    />
    <h1>
      Dashboard
    </h1>
  </header>
  <main
    class="c1"
  >
    <div
      class="c2"
    >
      <input
        placeholder="Buscar empresa"
      />
      <button>
        <img
          alt="Icon Search"
          src="/img/icon-search.svg"
        />
      </button>
    </div>
    <section
      class="c3"
    >
      <div
        class="c4"
      >
        <div
          class="c5"
        >
          <div
            class="c6"
          >
            <span>
              Adicionar aos favoritos
            </span>
            <button>
              <img
                alt="Icon Star"
                src="/img/icon-star-outline.svg"
              />
            </button>
          </div>
          <section>
            <strong>
              MSFT
            </strong>
            <span>
              Microsoft
            </span>
          </section>
        </div>
        <div
          class="c7"
        >
          <div>
            <img
              alt="Icon Down Pricing"
              src="/img/icon-down-pricing.svg"
            />
            <strong>
              $265,42
            </strong>
          </div>
          <span>
            $-0.09 (-0.03%)
          </span>
        </div>
      </div>
    </section>
    <section
      class="c8"
    >
      <header
        class="c9"
      >
        <section>
          <img
            alt="Icon Company"
            src="/img/icon-company.svg"
          />
          <h1>
            Empresas recentes
          </h1>
        </section>
        <nav>
          <button>
            <img
              alt="Icon Arrow Left"
              src="/img/icon-arrow-left.svg"
            />
          </button>
          <button>
            <img
              alt="Icon Arrow Right"
              src="/img/icon-arrow-right.svg"
            />
          </button>
        </nav>
      </header>
      <div
        class="react-multi-carousel-list  c10"
      >
        <ul
          class="react-multi-carousel-track "
          style="transition: none; overflow: hidden; transform: translate3d(0px,0,0);"
        >
          <li
            aria-hidden="false"
            class="react-multi-carousel-item react-multi-carousel-item--active "
            data-index="0"
            style="flex: 1 0 33.3%; position: relative; width: auto;"
          >
            <div
              class="c11"
            >
              <button>
                <img
                  alt="Icon Star"
                  src="/img/icon-star-outline.svg"
                />
              </button>
              <img
                alt="Facebook"
                class="logo"
                src="/img/logo-facebook.svg"
              />
              <section>
                <span>
                  FB
                </span>
                <span>
                  Facebook
                </span>
              </section>
              <div
                class="pricing"
              >
                <strong>
                  +2.3%
                </strong>
                <img
                  alt="Icon Up Pricing"
                  src="/img/icon-up-pricing.svg"
                />
              </div>
            </div>
          </li>
          <li
            aria-hidden="false"
            class="react-multi-carousel-item react-multi-carousel-item--active "
            data-index="1"
            style="flex: 1 0 33.3%; position: relative; width: auto;"
          >
            <div
              class="c11"
            >
              <button>
                <img
                  alt="Icon Star"
                  src="/img/icon-star-outline.svg"
                />
              </button>
              <img
                alt="Facebook"
                class="logo"
                src="/img/logo-facebook.svg"
              />
              <section>
                <span>
                  FB
                </span>
                <span>
                  Facebook
                </span>
              </section>
              <div
                class="pricing"
              >
                <strong>
                  +2.3%
                </strong>
                <img
                  alt="Icon Up Pricing"
                  src="/img/icon-up-pricing.svg"
                />
              </div>
            </div>
          </li>
          <li
            aria-hidden="false"
            class="react-multi-carousel-item react-multi-carousel-item--active "
            data-index="2"
            style="flex: 1 0 33.3%; position: relative; width: auto;"
          >
            <div
              class="c11"
            >
              <button>
                <img
                  alt="Icon Star"
                  src="/img/icon-star-outline.svg"
                />
              </button>
              <img
                alt="Facebook"
                class="logo"
                src="/img/logo-facebook.svg"
              />
              <section>
                <span>
                  FB
                </span>
                <span>
                  Facebook
                </span>
              </section>
              <div
                class="pricing"
              >
                <strong>
                  +2.3%
                </strong>
                <img
                  alt="Icon Up Pricing"
                  src="/img/icon-up-pricing.svg"
                />
              </div>
            </div>
          </li>
          <li
            aria-hidden="true"
            class="react-multi-carousel-item  "
            data-index="3"
            style="flex: 1 0 33.3%; position: relative; width: auto;"
          >
            <div
              class="c11"
            >
              <button>
                <img
                  alt="Icon Star"
                  src="/img/icon-star-outline.svg"
                />
              </button>
              <img
                alt="Facebook"
                class="logo"
                src="/img/logo-facebook.svg"
              />
              <section>
                <span>
                  FB
                </span>
                <span>
                  Facebook
                </span>
              </section>
              <div
                class="pricing"
              >
                <strong>
                  +2.3%
                </strong>
                <img
                  alt="Icon Up Pricing"
                  src="/img/icon-up-pricing.svg"
                />
              </div>
            </div>
          </li>
          <li
            aria-hidden="true"
            class="react-multi-carousel-item  "
            data-index="4"
            style="flex: 1 0 33.3%; position: relative; width: auto;"
          >
            <div
              class="c11"
            >
              <button>
                <img
                  alt="Icon Star"
                  src="/img/icon-star-outline.svg"
                />
              </button>
              <img
                alt="Facebook"
                class="logo"
                src="/img/logo-facebook.svg"
              />
              <section>
                <span>
                  FB
                </span>
                <span>
                  Facebook
                </span>
              </section>
              <div
                class="pricing"
              >
                <strong>
                  +2.3%
                </strong>
                <img
                  alt="Icon Up Pricing"
                  src="/img/icon-up-pricing.svg"
                />
              </div>
            </div>
          </li>
          <li
            aria-hidden="true"
            class="react-multi-carousel-item  "
            data-index="5"
            style="flex: 1 0 33.3%; position: relative; width: auto;"
          >
            <div
              class="c11"
            >
              <button>
                <img
                  alt="Icon Star"
                  src="/img/icon-star-outline.svg"
                />
              </button>
              <img
                alt="Facebook"
                class="logo"
                src="/img/logo-facebook.svg"
              />
              <section>
                <span>
                  FB
                </span>
                <span>
                  Facebook
                </span>
              </section>
              <div
                class="pricing"
              >
                <strong>
                  +2.3%
                </strong>
                <img
                  alt="Icon Up Pricing"
                  src="/img/icon-up-pricing.svg"
                />
              </div>
            </div>
          </li>
        </ul>
      </div>
    </section>
  </main>
</div>
`;
