// Jest Snapshot v1, https://goo.gl/fbAQLP

exports[`<Company /> should render correctly 1`] = `
.c1 {
  -webkit-animation: ePEqAU 1.2s ease-in-out infinite;
  animation: ePEqAU 1.2s ease-in-out infinite;
  background-image: linear-gradient( 90deg,rgba(0,0,0,0),#fff,rgba(0,0,0,0) );
  background-color: #b3b3b3;
  background-size: 20rem 100%;
  background-repeat: no-repeat;
  border-radius: 0.313rem;
  display: inline-block;
  line-height: 1;
  opacity: 0.1;
  width: 100%;
  height: 2rem;
}

.c0 {
  display: -webkit-box;
  display: -webkit-flex;
  display: -ms-flexbox;
  display: flex;
  -webkit-align-items: center;
  -webkit-box-align: center;
  -ms-flex-align: center;
  align-items: center;
  padding: 1.6rem;
  border-radius: 0.8rem;
  background: #ffffff;
  -webkit-transition: all 0.2s;
  transition: all 0.2s;
  cursor: pointer;
}

.c0:hover {
  -webkit-transform: translateY(-0.5rem);
  -ms-transform: translateY(-0.5rem);
  transform: translateY(-0.5rem);
  box-shadow: 0 0.8rem 2rem -0.2rem rgba(43,37,63,0.1);
}

.c0 button {
  background: transparent;
  border: 0;
}

.c0 button + .logo {
  margin-left: 1rem;
}

.c0 section {
  display: -webkit-box;
  display: -webkit-flex;
  display: -ms-flexbox;
  display: flex;
  -webkit-flex-direction: column;
  -ms-flex-direction: column;
  flex-direction: column;
  margin-left: 1.2rem;
}

.c0 section span {
  color: #14171a;
}

.c0 section span:last-child {
  color: #657786;
}

.c0 .logo {
  width: 4rem;
  height: 4rem;
  border: 0.2rem solid #acacac;
  border-radius: 50%;
}

.c0 .pricing {
  margin-left: auto;
  display: -webkit-box;
  display: -webkit-flex;
  display: -ms-flexbox;
  display: flex;
  -webkit-align-items: center;
  -webkit-box-align: center;
  -ms-flex-align: center;
  align-items: center;
}

.c0 .pricing strong {
  font-weight: 500;
  margin-right: 0.8rem;
  color: #d64b45;
}

<div
  class="c0"
>
  <button>
    <img
      alt="Icon Star"
      src="/img/icon-star-outline.svg"
    />
  </button>
  <img
    alt="MSFT"
    class="logo"
    src="https://storage.googleapis.com/iex/api/logos/MSFT.png"
  />
  <section>
    <div
      class="c1"
      color="#fff"
      height="2rem"
      width="100%"
    />
    <div
      class="c1"
      color="#fff"
      height="2rem"
      width="100%"
    />
  </section>
  <div
    class="pricing"
  >
    <strong />
    <img
      alt="Icon Pricing"
      src="/img/icon-down-pricing.svg"
    />
  </div>
</div>
`;
