// Jest Snapshot v1, https://goo.gl/fbAQLP

exports[`<Company /> should render correctly 1`] = `
.c0 {
  display: -webkit-box;
  display: -webkit-flex;
  display: -ms-flexbox;
  display: flex;
  -webkit-align-items: center;
  -webkit-box-align: center;
  -ms-flex-align: center;
  align-items: center;
  padding: 1.6rem;
  border-radius: 0.8rem;
  background: #ffffff;
  -webkit-transition: all 0.2s;
  transition: all 0.2s;
  cursor: pointer;
}

.c0:hover {
  -webkit-transform: translateY(-0.5rem);
  -ms-transform: translateY(-0.5rem);
  transform: translateY(-0.5rem);
  box-shadow: 0 0.8rem 2rem -0.2rem rgba(43,37,63,0.1);
}

.c0 button {
  background: transparent;
  border: 0;
}

.c0 button + .logo {
  margin-left: 1.6rem;
}

.c0 section {
  display: -webkit-box;
  display: -webkit-flex;
  display: -ms-flexbox;
  display: flex;
  -webkit-flex-direction: column;
  -ms-flex-direction: column;
  flex-direction: column;
  margin-left: 1.2rem;
  min-width: 11.5rem;
}

.c0 section span {
  color: #14171a;
}

.c0 section span:last-child {
  color: #657786;
}

.c0 .pricing {
  margin-left: 1.2rem;
  display: -webkit-box;
  display: -webkit-flex;
  display: -ms-flexbox;
  display: flex;
  -webkit-align-items: center;
  -webkit-box-align: center;
  -ms-flex-align: center;
  align-items: center;
}

.c0 .pricing strong {
  font-weight: 500;
  margin-right: 0.8rem;
  color: #d64b45;
  color: #79c300;
}

<div
  class="c0"
>
  <button>
    <img
      alt="Icon Star"
      src="/img/icon-star-outline.svg"
    />
  </button>
  <img
    alt="Facebook"
    class="logo"
    src="/img/logo-facebook.svg"
  />
  <section>
    <span>
      FB
    </span>
    <span>
      Facebook
    </span>
  </section>
  <div
    class="pricing"
  >
    <strong>
      +2.3%
    </strong>
    <img
      alt="Icon Up Pricing"
      src="/img/icon-up-pricing.svg"
    />
  </div>
</div>
`;
