// Jest Snapshot v1, https://goo.gl/fbAQLP

exports[`<FavoriteCompanies /> should render correctly 1`] = `
.c6 {
  -webkit-animation: ePEqAU 1.2s ease-in-out infinite;
  animation: ePEqAU 1.2s ease-in-out infinite;
  background-image: linear-gradient( 90deg,rgba(0,0,0,0),#fff,rgba(0,0,0,0) );
  background-color: #b3b3b3;
  background-size: 20rem 100%;
  background-repeat: no-repeat;
  border-radius: 0.313rem;
  display: inline-block;
  line-height: 1;
  opacity: 0.1;
  width: 3rem;
  height: 1rem;
}

.c7 {
  -webkit-animation: ePEqAU 1.2s ease-in-out infinite;
  animation: ePEqAU 1.2s ease-in-out infinite;
  background-image: linear-gradient( 90deg,rgba(0,0,0,0),#fff,rgba(0,0,0,0) );
  background-color: #b3b3b3;
  background-size: 20rem 100%;
  background-repeat: no-repeat;
  border-radius: 0.313rem;
  display: inline-block;
  line-height: 1;
  opacity: 0.1;
  width: 6rem;
  height: 1rem;
}

.c4 {
  display: -webkit-box;
  display: -webkit-flex;
  display: -ms-flexbox;
  display: flex;
  -webkit-align-items: center;
  -webkit-box-align: center;
  -ms-flex-align: center;
  align-items: center;
  padding: 1.6rem;
  border-radius: 0.8rem;
  background: #ffffff;
  -webkit-transition: all 0.2s;
  transition: all 0.2s;
}

.c4:hover {
  -webkit-transform: translateY(-0.5rem);
  -ms-transform: translateY(-0.5rem);
  transform: translateY(-0.5rem);
  box-shadow: 0 0.8rem 2rem -0.2rem rgba(43,37,63,0.1);
}

.c4 button {
  background: transparent;
  border: 0;
}

.c4 button + .logo {
  margin-left: 1rem;
}

.c4 section {
  display: -webkit-box;
  display: -webkit-flex;
  display: -ms-flexbox;
  display: flex;
  -webkit-flex-direction: column;
  -ms-flex-direction: column;
  flex-direction: column;
  margin-left: 1.2rem;
  cursor: pointer;
}

.c4 section span {
  color: #14171a;
}

.c4 section span:last-child {
  color: #657786;
}

.c4 .c5 + .c5 {
  margin-top: 0.5rem;
}

.c4 .logo {
  width: 4rem;
  height: 4rem;
  border: 0.2rem solid #acacac;
  border-radius: 50%;
  cursor: pointer;
}

.c4 .pricing {
  margin-left: auto;
  display: -webkit-box;
  display: -webkit-flex;
  display: -ms-flexbox;
  display: flex;
  -webkit-align-items: center;
  -webkit-box-align: center;
  -ms-flex-align: center;
  align-items: center;
  cursor: pointer;
}

.c4 .pricing strong {
  font-weight: 500;
  margin-right: 0.8rem;
  color: #d64b45;
}

.c8 {
  background: rgba(20,23,26,0.4);
  position: fixed;
  top: 0;
  right: 0;
  bottom: 0;
  left: 0;
  display: -webkit-box;
  display: -webkit-flex;
  display: -ms-flexbox;
  display: flex;
  -webkit-align-items: center;
  -webkit-box-align: center;
  -ms-flex-align: center;
  align-items: center;
  -webkit-box-pack: center;
  -webkit-justify-content: center;
  -ms-flex-pack: center;
  justify-content: center;
  z-index: 1;
  -webkit-transition: opacity 0.2s;
  transition: opacity 0.2s;
  -webkit-backdrop-filter: blur(1px);
  backdrop-filter: blur(1px);
  opacity: 0;
  pointer-events: none;
}

.c9 {
  min-width: 40rem;
  max-height: 70rem;
  border-radius: 0.8rem;
  background: #ffffff;
  box-shadow: 0 0.4rem 2.5rem rgba(0,0,0,0.1);
}

.c10 {
  display: -webkit-box;
  display: -webkit-flex;
  display: -ms-flexbox;
  display: flex;
  -webkit-align-items: center;
  -webkit-box-align: center;
  -ms-flex-align: center;
  align-items: center;
  -webkit-box-pack: end;
  -webkit-justify-content: flex-end;
  -ms-flex-pack: end;
  justify-content: flex-end;
  height: 4.8rem;
  padding: 1.6rem 1.6rem 0 0;
}

.c12 {
  padding: 0 4rem 4rem;
  max-height: 60rem;
  overflow-y: auto;
}

.c11 {
  border-radius: 0.8rem;
  color: #657786;
  cursor: pointer;
  border: 0;
  background: transparent;
}

.c11:hover {
  opacity: 0.7;
}

.c0 {
  padding: 3.2rem 2rem;
}

.c0 header {
  display: -webkit-box;
  display: -webkit-flex;
  display: -ms-flexbox;
  display: flex;
  -webkit-align-items: center;
  -webkit-box-align: center;
  -ms-flex-align: center;
  align-items: center;
  -webkit-box-pack: justify;
  -webkit-justify-content: space-between;
  -ms-flex-pack: justify;
  justify-content: space-between;
  border: 0.1rem solid rgba(0,71,187,0.2);
  border-radius: 12rem;
  padding: 0.4rem 1.7rem 0.4rem 0.4rem;
}

.c0 header span {
  color: #0047BB;
  font-weight: 500;
}

.c0 header button {
  display: grid;
  place-items: center;
  background: transparent;
  border: 0;
}

.c0 header .avatar {
  width: 3.2rem;
  height: 3.2rem;
  object-fit: cover;
  border-radius: 50%;
}

.c1 {
  margin-top: 4.8rem;
}

.c1 h1 {
  display: -webkit-inline-box;
  display: -webkit-inline-flex;
  display: -ms-inline-flexbox;
  display: inline-flex;
  font-weight: 500;
  font-size: 1.8rem;
}

.c1 h1 img {
  margin-right: 1rem;
}

.c1 ul {
  margin-top: 3.2rem;
  display: grid;
  grid-gap: 3.2rem;
}

.c2 {
  display: -webkit-box;
  display: -webkit-flex;
  display: -ms-flexbox;
  display: flex;
  -webkit-align-items: center;
  -webkit-box-align: center;
  -ms-flex-align: center;
  align-items: center;
}

.c2 .c3 {
  width: 100%;
  box-shadow: 0 0.8rem 2rem -0.2rem rgba(43,37,63,0.1);
}

.c2 .c3 .pricing {
  margin-left: auto;
}

.c2 > button {
  margin-left: 0.8rem;
  background: transparent;
  -webkit-transition: opacity 0.2s;
  transition: opacity 0.2s;
  border: 0;
}

.c2 > button:hover {
  opacity: 0.8;
}

.c13 {
  display: -webkit-box;
  display: -webkit-flex;
  display: -ms-flexbox;
  display: flex;
  -webkit-flex-direction: column;
  -ms-flex-direction: column;
  flex-direction: column;
  -webkit-align-items: center;
  -webkit-box-align: center;
  -ms-flex-align: center;
  align-items: center;
  text-align: center;
}

.c13 h1 {
  max-width: 23rem;
  font-weight: 500;
  margin: 4rem 0 1.6rem;
}

.c13 p {
  max-width: 23rem;
  margin-bottom: 2rem;
}

.c13 p strong {
  font-weight: 500;
}

.c13 button {
  border: 0;
}

.c13 .confirm {
  background: #e33f49;
  color: #ffffff;
  -webkit-transition: filter 0.2s;
  transition: filter 0.2s;
  border-radius: 0.5rem;
  font-weight: 500;
  padding: 1.6rem;
  width: 100%;
}

.c13 .confirm:hover {
  -webkit-filter: brightness(0.9);
  filter: brightness(0.9);
}

.c13 .cancel {
  color: #657786;
  -webkit-transition: opacity 0.2s;
  transition: opacity 0.2s;
  background: transparent;
  margin-top: 1.6rem;
  font-weight: 500;
}

.c13 .cancel:hover {
  opacity: 0.8;
}

<aside
  class="c0"
>
  <header>
    <img
      alt="Gabriel Teodoro"
      class="avatar"
      src="https://github.com/oigabrielteodoro.png"
    />
    <span>
      José Gabriel Cavalcante Teodoro
    </span>
    <button>
      <img
        alt="Icon Caret Down"
        src="/img/icon-caret-down.svg"
      />
    </button>
  </header>
  <section
    class="c1"
  >
    <h1>
      <img
        alt="Icon Star"
        src="/img/icon-star.svg"
      />
      Empresas favoritas
    </h1>
    <ul>
      <li
        class="c2"
      >
        <div
          class="c3 c4"
        >
          <img
            alt="MSFT"
            class="logo"
            src="https://storage.googleapis.com/iex/api/logos/MSFT.png"
          />
          <section>
            <div
              class="c5 c6"
              color="#fff"
              height="1rem"
              width="3rem"
            />
            <div
              class="c5 c7"
              color="#fff"
              height="1rem"
              width="6rem"
            />
          </section>
          <div
            class="pricing"
          >
            <strong />
            <img
              alt="Icon Pricing"
              src="/img/icon-down-pricing.svg"
            />
          </div>
        </div>
        <button
          aria-label="delete button"
        >
          <img
            alt="Icon Trash"
            src="/img/icon-trash.svg"
          />
        </button>
      </li>
    </ul>
  </section>
  <div
    class="c8"
  >
    <div
      class="c9"
    >
      <div
        class="c10"
      >
        <button
          aria-label="close button"
          class="c11"
        >
          <img
            alt="Icon Close"
            src="/img/icon-close.svg"
          />
        </button>
      </div>
      <div
        class="c12"
      >
        <main
          class="c13"
        >
          <img
            alt="Icon Alert"
            src="/img/icon-alert.svg"
          />
          <h1>
            Tem certeza que deseja excluir essa empresa?
          </h1>
          <p>
            Você tem certeza que deseja excluir a empresa
             
            <strong />
             de suas empresas favoritas?
          </p>
          <button
            class="confirm"
          >
            Sim, excluir!
          </button>
          <button
            class="cancel"
          >
            Cancelar
          </button>
        </main>
      </div>
    </div>
  </div>
</aside>
`;
